// Jest Snapshot v1, https://goo.gl/fbAQLP

exports[`Modify modal renders modify modal 1`] = `<DocumentFragment />`;
