// Jest Snapshot v1, https://goo.gl/fbAQLP

exports[`ErrorPage404 renders error page 404 snapshot 1`] = `
<DocumentFragment>
  <div
    class="page-not-found wrapper"
  >
    <img
      alt="404 error"
      src="/images/404.svg"
    />
    <a
      href="/home"
    >
      <button
        class="uppercase"
        type="button"
      >
        Go back home
      </button>
    </a>
  </div>
</DocumentFragment>
`;
